Function tests pass for order 2 at tolerance 1e-10
Function tests pass for order 2 derivatives at tolerance 1e-10