DM Object:Hybrid Mesh 1 MPI processes
  type: plex
Mesh 'Hybrid Mesh':
orientation is missing
cap --> base:
[0] Max sizes cone: 4 support: 4
[0]: 8 ----> 23
[0]: 8 ----> 30
[0]: 9 ----> 24
[0]: 9 ----> 25
[0]: 9 ----> 31
[0]: 10 ----> 26
[0]: 10 ----> 27
[0]: 10 ----> 36
[0]: 11 ----> 28
[0]: 11 ----> 29
[0]: 12 ----> 32
[0]: 12 ----> 33
[0]: 13 ----> 34
[0]: 13 ----> 35
[0]: 14 ----> 23
[0]: 14 ----> 24
[0]: 14 ----> 37
[0]: 15 ----> 25
[0]: 15 ----> 26
[0]: 15 ----> 38
[0]: 15 ----> 44
[0]: 16 ----> 27
[0]: 16 ----> 28
[0]: 16 ----> 39
[0]: 17 ----> 29
[0]: 17 ----> 30
[0]: 17 ----> 40
[0]: 18 ----> 31
[0]: 18 ----> 32
[0]: 18 ----> 41
[0]: 19 ----> 33
[0]: 19 ----> 34
[0]: 19 ----> 42
[0]: 20 ----> 35
[0]: 20 ----> 36
[0]: 20 ----> 43
[0]: 21 ----> 37
[0]: 21 ----> 38
[0]: 21 ----> 39
[0]: 21 ----> 40
[0]: 22 ----> 41
[0]: 22 ----> 42
[0]: 22 ----> 43
[0]: 22 ----> 44
[0]: 23 ----> 0
[0]: 24 ----> 1
[0]: 25 ----> 1
[0]: 25 ----> 4
[0]: 26 ----> 2
[0]: 26 ----> 7
[0]: 27 ----> 2
[0]: 28 ----> 3
[0]: 29 ----> 3
[0]: 30 ----> 0
[0]: 31 ----> 4
[0]: 32 ----> 5
[0]: 33 ----> 5
[0]: 34 ----> 6
[0]: 35 ----> 6
[0]: 36 ----> 7
[0]: 37 ----> 0
[0]: 37 ----> 1
[0]: 38 ----> 1
[0]: 38 ----> 2
[0]: 39 ----> 2
[0]: 39 ----> 3
[0]: 40 ----> 3
[0]: 40 ----> 0
[0]: 41 ----> 4
[0]: 41 ----> 5
[0]: 42 ----> 5
[0]: 42 ----> 6
[0]: 43 ----> 6
[0]: 43 ----> 7
[0]: 44 ----> 7
[0]: 44 ----> 4
base <-- cap:
[0]: 0 <---- 23 (0)
[0]: 0 <---- 37 (0)
[0]: 0 <---- 40 (-2)
[0]: 0 <---- 30 (0)
[0]: 1 <---- 24 (0)
[0]: 1 <---- 25 (0)
[0]: 1 <---- 38 (0)
[0]: 1 <---- 37 (-2)
[0]: 2 <---- 38 (-2)
[0]: 2 <---- 26 (0)
[0]: 2 <---- 27 (0)
[0]: 2 <---- 39 (0)
[0]: 3 <---- 40 (0)
[0]: 3 <---- 39 (-2)
[0]: 3 <---- 28 (0)
[0]: 3 <---- 29 (0)
[0]: 4 <---- 31 (0)
[0]: 4 <---- 41 (0)
[0]: 4 <---- 44 (-2)
[0]: 4 <---- 25 (-2)
[0]: 5 <---- 32 (0)
[0]: 5 <---- 33 (0)
[0]: 5 <---- 42 (0)
[0]: 5 <---- 41 (-2)
[0]: 6 <---- 42 (-2)
[0]: 6 <---- 34 (0)
[0]: 6 <---- 35 (0)
[0]: 6 <---- 43 (0)
[0]: 7 <---- 44 (0)
[0]: 7 <---- 43 (-2)
[0]: 7 <---- 36 (0)
[0]: 7 <---- 26 (-2)
[0]: 23 <---- 8 (0)
[0]: 23 <---- 14 (0)
[0]: 24 <---- 14 (0)
[0]: 24 <---- 9 (0)
[0]: 25 <---- 9 (0)
[0]: 25 <---- 15 (0)
[0]: 26 <---- 15 (0)
[0]: 26 <---- 10 (0)
[0]: 27 <---- 10 (0)
[0]: 27 <---- 16 (0)
[0]: 28 <---- 16 (0)
[0]: 28 <---- 11 (0)
[0]: 29 <---- 11 (0)
[0]: 29 <---- 17 (0)
[0]: 30 <---- 17 (0)
[0]: 30 <---- 8 (0)
[0]: 31 <---- 9 (0)
[0]: 31 <---- 18 (0)
[0]: 32 <---- 18 (0)
[0]: 32 <---- 12 (0)
[0]: 33 <---- 12 (0)
[0]: 33 <---- 19 (0)
[0]: 34 <---- 19 (0)
[0]: 34 <---- 13 (0)
[0]: 35 <---- 13 (0)
[0]: 35 <---- 20 (0)
[0]: 36 <---- 20 (0)
[0]: 36 <---- 10 (0)
[0]: 37 <---- 14 (0)
[0]: 37 <---- 21 (0)
[0]: 38 <---- 15 (0)
[0]: 38 <---- 21 (0)
[0]: 39 <---- 16 (0)
[0]: 39 <---- 21 (0)
[0]: 40 <---- 17 (0)
[0]: 40 <---- 21 (0)
[0]: 41 <---- 18 (0)
[0]: 41 <---- 22 (0)
[0]: 42 <---- 19 (0)
[0]: 42 <---- 22 (0)
[0]: 43 <---- 20 (0)
[0]: 43 <---- 22 (0)
[0]: 44 <---- 15 (0)
[0]: 44 <---- 22 (0)
coordinates with 1 fields
  field 0 with 2 components
Process 0:
  (   8) dim  2 offset   0 -1. -0.5
  (   9) dim  2 offset   2 0. -0.5
  (  10) dim  2 offset   4 0. 0.5
  (  11) dim  2 offset   6 -1. 0.5
  (  12) dim  2 offset   8 1. -0.5
  (  13) dim  2 offset  10 1. 0.5
  (  14) dim  2 offset  12 -0.5 -0.5
  (  15) dim  2 offset  14 0. 0.
  (  16) dim  2 offset  16 -0.5 0.5
  (  17) dim  2 offset  18 -1. 0.
  (  18) dim  2 offset  20 0.5 -0.5
  (  19) dim  2 offset  22 1. 0.
  (  20) dim  2 offset  24 0.5 0.5
  (  21) dim  2 offset  26 -0.5 0.
  (  22) dim  2 offset  28 0.5 0.