Label 'subpoint_map':
[0]: 11 (1)
[0]: 15 (1)
[0]: 5 (0)
[0]: 6 (0)
[0]: 8 (0)
[0]: 0 (102)
[0]: 3 (102)
[0]: 10 (101)
[0]: 12 (101)
[0]: 18 (101)
[0]: 1 (-102)
[0]: 2 (-102)
[0]: 13 (-101)
[0]: 14 (-101)
[0]: 16 (-101)
[0]: 17 (-101)
DM Object:Hybrid Mesh 1 MPI processes
  type: plex
Mesh 'Hybrid Mesh':
orientation is missing
cap --> base:
[0] Max sizes cone: 4 support: 5
[0]: 6 ----> 15
[0]: 6 ----> 17
[0]: 6 ----> 23
[0]: 7 ----> 16
[0]: 7 ----> 17
[0]: 7 ----> 20
[0]: 7 ----> 26
[0]: 8 ----> 15
[0]: 8 ----> 16
[0]: 8 ----> 27
[0]: 9 ----> 18
[0]: 9 ----> 19
[0]: 10 ----> 20
[0]: 10 ----> 23
[0]: 10 ----> 28
[0]: 11 ----> 21
[0]: 11 ----> 22
[0]: 12 ----> 24
[0]: 12 ----> 19
[0]: 12 ----> 25
[0]: 12 ----> 21
[0]: 12 ----> 26
[0]: 13 ----> 24
[0]: 13 ----> 18
[0]: 13 ----> 27
[0]: 14 ----> 25
[0]: 14 ----> 22
[0]: 14 ----> 28
[0]: 15 ----> 0
[0]: 16 ----> 0
[0]: 16 ----> 4
[0]: 17 ----> 0
[0]: 17 ----> 3
[0]: 18 ----> 1
[0]: 19 ----> 1
[0]: 20 ----> 5
[0]: 20 ----> 3
[0]: 21 ----> 2
[0]: 22 ----> 2
[0]: 23 ----> 3
[0]: 24 ----> 4
[0]: 24 ----> 1
[0]: 25 ----> 2
[0]: 25 ----> 5
[0]: 26 ----> 4
[0]: 26 ----> 5
[0]: 27 ----> 4
[0]: 28 ----> 5
base <-- cap:
[0]: 0 <---- 15 (0)
[0]: 0 <---- 16 (0)
[0]: 0 <---- 17 (0)
[0]: 1 <---- 24 (-2)
[0]: 1 <---- 18 (0)
[0]: 1 <---- 19 (0)
[0]: 2 <---- 25 (0)
[0]: 2 <---- 21 (0)
[0]: 2 <---- 22 (0)
[0]: 3 <---- 23 (0)
[0]: 3 <---- 17 (-2)
[0]: 3 <---- 20 (-2)
[0]: 4 <---- 16 (0)
[0]: 4 <---- 24 (0)
[0]: 4 <---- 27 (0)
[0]: 4 <---- 26 (0)
[0]: 5 <---- 20 (-2)
[0]: 5 <---- 25 (-2)
[0]: 5 <---- 28 (0)
[0]: 5 <---- 26 (0)
[0]: 15 <---- 6 (0)
[0]: 15 <---- 8 (0)
[0]: 16 <---- 8 (0)
[0]: 16 <---- 7 (0)
[0]: 17 <---- 7 (0)
[0]: 17 <---- 6 (0)
[0]: 18 <---- 13 (0)
[0]: 18 <---- 9 (0)
[0]: 19 <---- 9 (0)
[0]: 19 <---- 12 (0)
[0]: 20 <---- 10 (0)
[0]: 20 <---- 7 (0)
[0]: 21 <---- 12 (0)
[0]: 21 <---- 11 (0)
[0]: 22 <---- 11 (0)
[0]: 22 <---- 14 (0)
[0]: 23 <---- 10 (0)
[0]: 23 <---- 6 (0)
[0]: 24 <---- 13 (0)
[0]: 24 <---- 12 (0)
[0]: 25 <---- 14 (0)
[0]: 25 <---- 12 (0)
[0]: 26 <---- 7 (0)
[0]: 26 <---- 12 (0)
[0]: 27 <---- 8 (0)
[0]: 27 <---- 13 (0)
[0]: 28 <---- 10 (0)
[0]: 28 <---- 14 (0)
coordinates with 1 fields
  field 0 with 2 components
Process 0:
  (   6) dim  2 offset   0 -1. 0.
  (   7) dim  2 offset   2 0. 1.
  (   8) dim  2 offset   4 0. -1.
  (   9) dim  2 offset   6 1. 0.
  (  10) dim  2 offset   8 -2. 1.
  (  11) dim  2 offset  10 -1. 2.
  (  12) dim  2 offset  12 0. 1.
  (  13) dim  2 offset  14 0. -1.
  (  14) dim  2 offset  16 -2. 1.
Label 'marker':
[0]: 6 (1)
[0]: 8 (1)
[0]: 10 (1)
[0]: 13 (1)
[0]: 14 (1)