lid velocity = 0.0204082, prandtl # = 1., grashof # = 1.
Number of SNES iterations = 2
