  0 SNES Function norm 1.07178 
  1 SNES Function norm 0.638651 
  2 SNES Function norm 0.416574 
  3 SNES Function norm 0.291287 
  4 SNES Function norm 0.23869 
  5 SNES Function norm 0.222565 
  6 SNES Function norm 0.182278 
  7 SNES Function norm 0.161466 
  8 SNES Function norm 0.137008 
  9 SNES Function norm 0.120328 
 10 SNES Function norm 0.116058 
 11 SNES Function norm 0.112582 
 12 SNES Function norm 0.109487 
 13 SNES Function norm 0.106614 
 14 SNES Function norm 0.103946 
 15 SNES Function norm 0.101434 
 16 SNES Function norm 0.0990872 
 17 SNES Function norm 0.0968738 
 18 SNES Function norm 0.0947926 
 19 SNES Function norm 0.0928301 
 20 SNES Function norm 0.0909725 
 21 SNES Function norm 0.0892211 
 22 SNES Function norm 0.087553 
 23 SNES Function norm 0.0859798 
 24 SNES Function norm 0.0844727 
 25 SNES Function norm 0.08305 
 26 SNES Function norm 0.0816798 
 27 SNES Function norm 0.0803846 
 28 SNES Function norm 0.0791311 
 29 SNES Function norm 0.0779442 
 30 SNES Function norm 0.0767905 
 31 SNES Function norm 0.0756959 
 32 SNES Function norm 0.0746278 
 33 SNES Function norm 0.0736123 
 34 SNES Function norm 0.0726181 
 35 SNES Function norm 0.0716709 
 36 SNES Function norm 0.0707409 
 37 SNES Function norm 0.069853 
 38 SNES Function norm 0.0689793 
 39 SNES Function norm 0.0681434 
 40 SNES Function norm 0.0673193 
 41 SNES Function norm 0.0665295 
 42 SNES Function norm 0.0657496 
 43 SNES Function norm 0.0650008 
 44 SNES Function norm 0.0642608 
 45 SNES Function norm 0.063549 
 46 SNES Function norm 0.062845 
 47 SNES Function norm 0.062167 
 48 SNES Function norm 0.061496 
 49 SNES Function norm 0.0608488 
 50 SNES Function norm 0.0602083 
