  Linear solve converged due to CONVERGED_RTOL iterations 3
  Linear solve converged due to CONVERGED_RTOL iterations 3
  Linear solve converged due to CONVERGED_RTOL iterations 3
Nonlinear solve converged due to CONVERGED_FNORM_RELATIVE iterations 3
