IS Object: 1 MPI processes
  type: block
Block size 3
Number of block indices in set 4
The first indices of each block are
Block 0 Index 0
Block 1 Index 1
Block 2 Index 3
Block 3 Index 4
Printing indices directly
0
1
2
3
4
5
9
10
11
12
13
14
Printing block indices directly
0
1
3
4
