Mat Object: 1 MPI processes
  type: seqaij
row 0: (0, 0.)  (1, 0.)  (2, 0.) 
row 1: (0, 0.)  (1, 0.)  (2, 0.)  (3, 0.) 
row 2: (0, 0.)  (1, 0.)  (2, 0.)  (3, 0.) 
row 3: (1, 0.)  (2, 0.)  (3, 0.) 
Mat Object: 1 MPI processes
  type: seqaij
row 0: (0, 0.)  (1, 0.)  (2, 0.) 
row 1: (0, 0.)  (1, 0.)  (2, 0.)  (3, 0.) 
row 2: (0, 0.)  (1, 0.)  (2, 0.)  (3, 0.) 
row 3: (1, 0.)  (2, 0.)  (3, 0.) 
Ordering method rcm reduced bandwidth from 5 to 5