Mat Object: 3 MPI processes
  type: mpiaij
row 0: (0, 1.) 
row 1: (0, 0.5)  (1, 0.5) 
row 2: (1, 1.) 
row 3: (0, 0.5)  (2, 0.5) 
row 4: (0, 0.25)  (1, 0.25)  (2, 0.25)  (3, 0.25) 
row 5: (1, 0.5)  (3, 0.5) 
row 6: (2, 1.) 
row 7: (2, 0.5)  (3, 0.5) 
row 8: (3, 1.) 
row 9: (2, 0.5)  (4, 0.5) 
row 10: (2, 0.25)  (3, 0.25)  (4, 0.25)  (5, 0.25) 
row 11: (3, 0.5)  (5, 0.5) 
row 12: (4, 1.) 
row 13: (4, 0.5)  (5, 0.5) 
row 14: (5, 1.) 
row 15: (4, 0.5)  (6, 0.5) 
row 16: (4, 0.25)  (5, 0.25)  (6, 0.25)  (7, 0.25) 
row 17: (5, 0.5)  (7, 0.5) 
row 18: (6, 1.) 
row 19: (6, 0.5)  (7, 0.5) 
row 20: (7, 1.) 
row 21: (0, 0.5)  (8, 0.5) 
row 22: (0, 0.25)  (1, 0.25)  (8, 0.25)  (9, 0.25) 
row 23: (1, 0.5)  (9, 0.5) 
row 24: (0, 0.25)  (2, 0.25)  (8, 0.25)  (10, 0.25) 
row 25: (0, 0.125)  (1, 0.125)  (2, 0.125)  (3, 0.125)  (8, 0.125)  (9, 0.125)  (10, 0.125)  (11, 0.125) 
row 26: (1, 0.25)  (3, 0.25)  (9, 0.25)  (11, 0.25) 
row 27: (2, 0.5)  (10, 0.5) 
row 28: (2, 0.25)  (3, 0.25)  (10, 0.25)  (11, 0.25) 
row 29: (3, 0.5)  (11, 0.5) 
row 30: (2, 0.25)  (4, 0.25)  (10, 0.25)  (12, 0.25) 
row 31: (2, 0.125)  (3, 0.125)  (4, 0.125)  (5, 0.125)  (10, 0.125)  (11, 0.125)  (12, 0.125)  (13, 0.125) 
row 32: (3, 0.25)  (5, 0.25)  (11, 0.25)  (13, 0.25) 
row 33: (4, 0.5)  (12, 0.5) 
row 34: (4, 0.25)  (5, 0.25)  (12, 0.25)  (13, 0.25) 
row 35: (5, 0.5)  (13, 0.5) 
row 36: (4, 0.25)  (6, 0.25)  (12, 0.25)  (14, 0.25) 
row 37: (4, 0.125)  (5, 0.125)  (6, 0.125)  (7, 0.125)  (12, 0.125)  (13, 0.125)  (14, 0.125)  (15, 0.125) 
row 38: (5, 0.25)  (7, 0.25)  (13, 0.25)  (15, 0.25) 
row 39: (6, 0.5)  (14, 0.5) 
row 40: (6, 0.25)  (7, 0.25)  (14, 0.25)  (15, 0.25) 
row 41: (7, 0.5)  (15, 0.5) 
row 42: (8, 1.) 
row 43: (8, 0.5)  (9, 0.5) 
row 44: (9, 1.) 
row 45: (8, 0.5)  (10, 0.5) 
row 46: (8, 0.25)  (9, 0.25)  (10, 0.25)  (11, 0.25) 
row 47: (9, 0.5)  (11, 0.5) 
row 48: (10, 1.) 
row 49: (10, 0.5)  (11, 0.5) 
row 50: (11, 1.) 
row 51: (10, 0.5)  (12, 0.5) 
row 52: (10, 0.25)  (11, 0.25)  (12, 0.25)  (13, 0.25) 
row 53: (11, 0.5)  (13, 0.5) 
row 54: (12, 1.) 
row 55: (12, 0.5)  (13, 0.5) 
row 56: (13, 1.) 
row 57: (12, 0.5)  (14, 0.5) 
row 58: (12, 0.25)  (13, 0.25)  (14, 0.25)  (15, 0.25) 
row 59: (13, 0.5)  (15, 0.5) 
row 60: (14, 1.) 
row 61: (14, 0.5)  (15, 0.5) 
row 62: (15, 1.) 
row 63: (8, 0.5)  (16, 0.5) 
row 64: (8, 0.25)  (9, 0.25)  (16, 0.25)  (17, 0.25) 
row 65: (9, 0.5)  (17, 0.5) 
row 66: (8, 0.25)  (10, 0.25)  (16, 0.25)  (18, 0.25) 
row 67: (8, 0.125)  (9, 0.125)  (10, 0.125)  (11, 0.125)  (16, 0.125)  (17, 0.125)  (18, 0.125)  (19, 0.125) 
row 68: (9, 0.25)  (11, 0.25)  (17, 0.25)  (19, 0.25) 
row 69: (10, 0.5)  (18, 0.5) 
row 70: (10, 0.25)  (11, 0.25)  (18, 0.25)  (19, 0.25) 
row 71: (11, 0.5)  (19, 0.5) 
row 72: (10, 0.25)  (12, 0.25)  (18, 0.25)  (20, 0.25) 
row 73: (10, 0.125)  (11, 0.125)  (12, 0.125)  (13, 0.125)  (18, 0.125)  (19, 0.125)  (20, 0.125)  (21, 0.125) 
row 74: (11, 0.25)  (13, 0.25)  (19, 0.25)  (21, 0.25) 
row 75: (12, 0.5)  (20, 0.5) 
row 76: (12, 0.25)  (13, 0.25)  (20, 0.25)  (21, 0.25) 
row 77: (13, 0.5)  (21, 0.5) 
row 78: (12, 0.25)  (14, 0.25)  (20, 0.25)  (22, 0.25) 
row 79: (12, 0.125)  (13, 0.125)  (14, 0.125)  (15, 0.125)  (20, 0.125)  (21, 0.125)  (22, 0.125)  (23, 0.125) 
row 80: (13, 0.25)  (15, 0.25)  (21, 0.25)  (23, 0.25) 
row 81: (14, 0.5)  (22, 0.5) 
row 82: (14, 0.25)  (15, 0.25)  (22, 0.25)  (23, 0.25) 
row 83: (15, 0.5)  (23, 0.5) 
row 84: (16, 1.) 
row 85: (16, 0.5)  (17, 0.5) 
row 86: (17, 1.) 
row 87: (16, 0.5)  (18, 0.5) 
row 88: (16, 0.25)  (17, 0.25)  (18, 0.25)  (19, 0.25) 
row 89: (17, 0.5)  (19, 0.5) 
row 90: (18, 1.) 
row 91: (18, 0.5)  (19, 0.5) 
row 92: (19, 1.) 
row 93: (18, 0.5)  (20, 0.5) 
row 94: (18, 0.25)  (19, 0.25)  (20, 0.25)  (21, 0.25) 
row 95: (19, 0.5)  (21, 0.5) 
row 96: (20, 1.) 
row 97: (20, 0.5)  (21, 0.5) 
row 98: (21, 1.) 
row 99: (20, 0.5)  (22, 0.5) 
row 100: (20, 0.25)  (21, 0.25)  (22, 0.25)  (23, 0.25) 
row 101: (21, 0.5)  (23, 0.5) 
row 102: (22, 1.) 
row 103: (22, 0.5)  (23, 0.5) 
row 104: (23, 1.) 
row 105: (1, 0.5)  (24, 0.5) 
row 106: (24, 1.) 
row 107: (24, 0.5)  (25, 0.5) 
row 108: (1, 0.25)  (3, 0.25)  (24, 0.25)  (26, 0.25) 
row 109: (24, 0.5)  (26, 0.5) 
row 110: (24, 0.25)  (25, 0.25)  (26, 0.25)  (27, 0.25) 
row 111: (3, 0.5)  (26, 0.5) 
row 112: (26, 1.) 
row 113: (26, 0.5)  (27, 0.5) 
row 114: (3, 0.25)  (5, 0.25)  (26, 0.25)  (28, 0.25) 
row 115: (26, 0.5)  (28, 0.5) 
row 116: (26, 0.25)  (27, 0.25)  (28, 0.25)  (29, 0.25) 
row 117: (5, 0.5)  (28, 0.5) 
row 118: (28, 1.) 
row 119: (28, 0.5)  (29, 0.5) 
row 120: (5, 0.25)  (7, 0.25)  (28, 0.25)  (30, 0.25) 
row 121: (28, 0.5)  (30, 0.5) 
row 122: (28, 0.25)  (29, 0.25)  (30, 0.25)  (31, 0.25) 
row 123: (7, 0.5)  (30, 0.5) 
row 124: (30, 1.) 
row 125: (30, 0.5)  (31, 0.5) 
row 126: (1, 0.25)  (9, 0.25)  (24, 0.25)  (32, 0.25) 
row 127: (24, 0.5)  (32, 0.5) 
row 128: (24, 0.25)  (25, 0.25)  (32, 0.25)  (33, 0.25) 
row 129: (1, 0.125)  (3, 0.125)  (9, 0.125)  (11, 0.125)  (24, 0.125)  (26, 0.125)  (32, 0.125)  (34, 0.125) 
row 130: (24, 0.25)  (26, 0.25)  (32, 0.25)  (34, 0.25) 
row 131: (24, 0.125)  (25, 0.125)  (26, 0.125)  (27, 0.125)  (32, 0.125)  (33, 0.125)  (34, 0.125)  (35, 0.125) 
row 132: (3, 0.25)  (11, 0.25)  (26, 0.25)  (34, 0.25) 
row 133: (26, 0.5)  (34, 0.5) 
row 134: (26, 0.25)  (27, 0.25)  (34, 0.25)  (35, 0.25) 
row 135: (3, 0.125)  (5, 0.125)  (11, 0.125)  (13, 0.125)  (26, 0.125)  (28, 0.125)  (34, 0.125)  (36, 0.125) 
row 136: (26, 0.25)  (28, 0.25)  (34, 0.25)  (36, 0.25) 
row 137: (26, 0.125)  (27, 0.125)  (28, 0.125)  (29, 0.125)  (34, 0.125)  (35, 0.125)  (36, 0.125)  (37, 0.125) 
row 138: (5, 0.25)  (13, 0.25)  (28, 0.25)  (36, 0.25) 
row 139: (28, 0.5)  (36, 0.5) 
row 140: (28, 0.25)  (29, 0.25)  (36, 0.25)  (37, 0.25) 
row 141: (5, 0.125)  (7, 0.125)  (13, 0.125)  (15, 0.125)  (28, 0.125)  (30, 0.125)  (36, 0.125)  (38, 0.125) 
row 142: (28, 0.25)  (30, 0.25)  (36, 0.25)  (38, 0.25) 
row 143: (28, 0.125)  (29, 0.125)  (30, 0.125)  (31, 0.125)  (36, 0.125)  (37, 0.125)  (38, 0.125)  (39, 0.125) 
row 144: (7, 0.25)  (15, 0.25)  (30, 0.25)  (38, 0.25) 
row 145: (30, 0.5)  (38, 0.5) 
row 146: (30, 0.25)  (31, 0.25)  (38, 0.25)  (39, 0.25) 
row 147: (9, 0.5)  (32, 0.5) 
row 148: (32, 1.) 
row 149: (32, 0.5)  (33, 0.5) 
row 150: (9, 0.25)  (11, 0.25)  (32, 0.25)  (34, 0.25) 
row 151: (32, 0.5)  (34, 0.5) 
row 152: (32, 0.25)  (33, 0.25)  (34, 0.25)  (35, 0.25) 
row 153: (11, 0.5)  (34, 0.5) 
row 154: (34, 1.) 
row 155: (34, 0.5)  (35, 0.5) 
row 156: (11, 0.25)  (13, 0.25)  (34, 0.25)  (36, 0.25) 
row 157: (34, 0.5)  (36, 0.5) 
row 158: (34, 0.25)  (35, 0.25)  (36, 0.25)  (37, 0.25) 
row 159: (13, 0.5)  (36, 0.5) 
row 160: (36, 1.) 
row 161: (36, 0.5)  (37, 0.5) 
row 162: (13, 0.25)  (15, 0.25)  (36, 0.25)  (38, 0.25) 
row 163: (36, 0.5)  (38, 0.5) 
row 164: (36, 0.25)  (37, 0.25)  (38, 0.25)  (39, 0.25) 
row 165: (15, 0.5)  (38, 0.5) 
row 166: (38, 1.) 
row 167: (38, 0.5)  (39, 0.5) 
row 168: (9, 0.25)  (17, 0.25)  (32, 0.25)  (40, 0.25) 
row 169: (32, 0.5)  (40, 0.5) 
row 170: (32, 0.25)  (33, 0.25)  (40, 0.25)  (41, 0.25) 
row 171: (9, 0.125)  (11, 0.125)  (17, 0.125)  (19, 0.125)  (32, 0.125)  (34, 0.125)  (40, 0.125)  (42, 0.125) 
row 172: (32, 0.25)  (34, 0.25)  (40, 0.25)  (42, 0.25) 
row 173: (32, 0.125)  (33, 0.125)  (34, 0.125)  (35, 0.125)  (40, 0.125)  (41, 0.125)  (42, 0.125)  (43, 0.125) 
row 174: (11, 0.25)  (19, 0.25)  (34, 0.25)  (42, 0.25) 
row 175: (34, 0.5)  (42, 0.5) 
row 176: (34, 0.25)  (35, 0.25)  (42, 0.25)  (43, 0.25) 
row 177: (11, 0.125)  (13, 0.125)  (19, 0.125)  (21, 0.125)  (34, 0.125)  (36, 0.125)  (42, 0.125)  (44, 0.125) 
row 178: (34, 0.25)  (36, 0.25)  (42, 0.25)  (44, 0.25) 
row 179: (34, 0.125)  (35, 0.125)  (36, 0.125)  (37, 0.125)  (42, 0.125)  (43, 0.125)  (44, 0.125)  (45, 0.125) 
row 180: (13, 0.25)  (21, 0.25)  (36, 0.25)  (44, 0.25) 
row 181: (36, 0.5)  (44, 0.5) 
row 182: (36, 0.25)  (37, 0.25)  (44, 0.25)  (45, 0.25) 
row 183: (13, 0.125)  (15, 0.125)  (21, 0.125)  (23, 0.125)  (36, 0.125)  (38, 0.125)  (44, 0.125)  (46, 0.125) 
row 184: (36, 0.25)  (38, 0.25)  (44, 0.25)  (46, 0.25) 
row 185: (36, 0.125)  (37, 0.125)  (38, 0.125)  (39, 0.125)  (44, 0.125)  (45, 0.125)  (46, 0.125)  (47, 0.125) 
row 186: (15, 0.25)  (23, 0.25)  (38, 0.25)  (46, 0.25) 
row 187: (38, 0.5)  (46, 0.5) 
row 188: (38, 0.25)  (39, 0.25)  (46, 0.25)  (47, 0.25) 
row 189: (17, 0.5)  (40, 0.5) 
row 190: (40, 1.) 
row 191: (40, 0.5)  (41, 0.5) 
row 192: (17, 0.25)  (19, 0.25)  (40, 0.25)  (42, 0.25) 
row 193: (40, 0.5)  (42, 0.5) 
row 194: (40, 0.25)  (41, 0.25)  (42, 0.25)  (43, 0.25) 
row 195: (19, 0.5)  (42, 0.5) 
row 196: (42, 1.) 
row 197: (42, 0.5)  (43, 0.5) 
row 198: (19, 0.25)  (21, 0.25)  (42, 0.25)  (44, 0.25) 
row 199: (42, 0.5)  (44, 0.5) 
row 200: (42, 0.25)  (43, 0.25)  (44, 0.25)  (45, 0.25) 
row 201: (21, 0.5)  (44, 0.5) 
row 202: (44, 1.) 
row 203: (44, 0.5)  (45, 0.5) 
row 204: (21, 0.25)  (23, 0.25)  (44, 0.25)  (46, 0.25) 
row 205: (44, 0.5)  (46, 0.5) 
row 206: (44, 0.25)  (45, 0.25)  (46, 0.25)  (47, 0.25) 
row 207: (23, 0.5)  (46, 0.5) 
row 208: (46, 1.) 
row 209: (46, 0.5)  (47, 0.5) 
row 210: (25, 1.) 
row 211: (25, 0.5)  (48, 0.5) 
row 212: (48, 1.) 
row 213: (25, 0.5)  (27, 0.5) 
row 214: (25, 0.25)  (27, 0.25)  (48, 0.25)  (49, 0.25) 
row 215: (48, 0.5)  (49, 0.5) 
row 216: (27, 1.) 
row 217: (27, 0.5)  (49, 0.5) 
row 218: (49, 1.) 
row 219: (27, 0.5)  (29, 0.5) 
row 220: (27, 0.25)  (29, 0.25)  (49, 0.25)  (50, 0.25) 
row 221: (49, 0.5)  (50, 0.5) 
row 222: (29, 1.) 
row 223: (29, 0.5)  (50, 0.5) 
row 224: (50, 1.) 
row 225: (29, 0.5)  (31, 0.5) 
row 226: (29, 0.25)  (31, 0.25)  (50, 0.25)  (51, 0.25) 
row 227: (50, 0.5)  (51, 0.5) 
row 228: (31, 1.) 
row 229: (31, 0.5)  (51, 0.5) 
row 230: (51, 1.) 
row 231: (25, 0.5)  (33, 0.5) 
row 232: (25, 0.25)  (33, 0.25)  (48, 0.25)  (52, 0.25) 
row 233: (48, 0.5)  (52, 0.5) 
row 234: (25, 0.25)  (27, 0.25)  (33, 0.25)  (35, 0.25) 
row 235: (25, 0.125)  (27, 0.125)  (33, 0.125)  (35, 0.125)  (48, 0.125)  (49, 0.125)  (52, 0.125)  (53, 0.125) 
row 236: (48, 0.25)  (49, 0.25)  (52, 0.25)  (53, 0.25) 
row 237: (27, 0.5)  (35, 0.5) 
row 238: (27, 0.25)  (35, 0.25)  (49, 0.25)  (53, 0.25) 
row 239: (49, 0.5)  (53, 0.5) 
row 240: (27, 0.25)  (29, 0.25)  (35, 0.25)  (37, 0.25) 
row 241: (27, 0.125)  (29, 0.125)  (35, 0.125)  (37, 0.125)  (49, 0.125)  (50, 0.125)  (53, 0.125)  (54, 0.125) 
row 242: (49, 0.25)  (50, 0.25)  (53, 0.25)  (54, 0.25) 
row 243: (29, 0.5)  (37, 0.5) 
row 244: (29, 0.25)  (37, 0.25)  (50, 0.25)  (54, 0.25) 
row 245: (50, 0.5)  (54, 0.5) 
row 246: (29, 0.25)  (31, 0.25)  (37, 0.25)  (39, 0.25) 
row 247: (29, 0.125)  (31, 0.125)  (37, 0.125)  (39, 0.125)  (50, 0.125)  (51, 0.125)  (54, 0.125)  (55, 0.125) 
row 248: (50, 0.25)  (51, 0.25)  (54, 0.25)  (55, 0.25) 
row 249: (31, 0.5)  (39, 0.5) 
row 250: (31, 0.25)  (39, 0.25)  (51, 0.25)  (55, 0.25) 
row 251: (51, 0.5)  (55, 0.5) 
row 252: (33, 1.) 
row 253: (33, 0.5)  (52, 0.5) 
row 254: (52, 1.) 
row 255: (33, 0.5)  (35, 0.5) 
row 256: (33, 0.25)  (35, 0.25)  (52, 0.25)  (53, 0.25) 
row 257: (52, 0.5)  (53, 0.5) 
row 258: (35, 1.) 
row 259: (35, 0.5)  (53, 0.5) 
row 260: (53, 1.) 
row 261: (35, 0.5)  (37, 0.5) 
row 262: (35, 0.25)  (37, 0.25)  (53, 0.25)  (54, 0.25) 
row 263: (53, 0.5)  (54, 0.5) 
row 264: (37, 1.) 
row 265: (37, 0.5)  (54, 0.5) 
row 266: (54, 1.) 
row 267: (37, 0.5)  (39, 0.5) 
row 268: (37, 0.25)  (39, 0.25)  (54, 0.25)  (55, 0.25) 
row 269: (54, 0.5)  (55, 0.5) 
row 270: (39, 1.) 
row 271: (39, 0.5)  (55, 0.5) 
row 272: (55, 1.) 
row 273: (33, 0.5)  (41, 0.5) 
row 274: (33, 0.25)  (41, 0.25)  (52, 0.25)  (56, 0.25) 
row 275: (52, 0.5)  (56, 0.5) 
row 276: (33, 0.25)  (35, 0.25)  (41, 0.25)  (43, 0.25) 
row 277: (33, 0.125)  (35, 0.125)  (41, 0.125)  (43, 0.125)  (52, 0.125)  (53, 0.125)  (56, 0.125)  (57, 0.125) 
row 278: (52, 0.25)  (53, 0.25)  (56, 0.25)  (57, 0.25) 
row 279: (35, 0.5)  (43, 0.5) 
row 280: (35, 0.25)  (43, 0.25)  (53, 0.25)  (57, 0.25) 
row 281: (53, 0.5)  (57, 0.5) 
row 282: (35, 0.25)  (37, 0.25)  (43, 0.25)  (45, 0.25) 
row 283: (35, 0.125)  (37, 0.125)  (43, 0.125)  (45, 0.125)  (53, 0.125)  (54, 0.125)  (57, 0.125)  (58, 0.125) 
row 284: (53, 0.25)  (54, 0.25)  (57, 0.25)  (58, 0.25) 
row 285: (37, 0.5)  (45, 0.5) 
row 286: (37, 0.25)  (45, 0.25)  (54, 0.25)  (58, 0.25) 
row 287: (54, 0.5)  (58, 0.5) 
row 288: (37, 0.25)  (39, 0.25)  (45, 0.25)  (47, 0.25) 
row 289: (37, 0.125)  (39, 0.125)  (45, 0.125)  (47, 0.125)  (54, 0.125)  (55, 0.125)  (58, 0.125)  (59, 0.125) 
row 290: (54, 0.25)  (55, 0.25)  (58, 0.25)  (59, 0.25) 
row 291: (39, 0.5)  (47, 0.5) 
row 292: (39, 0.25)  (47, 0.25)  (55, 0.25)  (59, 0.25) 
row 293: (55, 0.5)  (59, 0.5) 
row 294: (41, 1.) 
row 295: (41, 0.5)  (56, 0.5) 
row 296: (56, 1.) 
row 297: (41, 0.5)  (43, 0.5) 
row 298: (41, 0.25)  (43, 0.25)  (56, 0.25)  (57, 0.25) 
row 299: (56, 0.5)  (57, 0.5) 
row 300: (43, 1.) 
row 301: (43, 0.5)  (57, 0.5) 
row 302: (57, 1.) 
row 303: (43, 0.5)  (45, 0.5) 
row 304: (43, 0.25)  (45, 0.25)  (57, 0.25)  (58, 0.25) 
row 305: (57, 0.5)  (58, 0.5) 
row 306: (45, 1.) 
row 307: (45, 0.5)  (58, 0.5) 
row 308: (58, 1.) 
row 309: (45, 0.5)  (47, 0.5) 
row 310: (45, 0.25)  (47, 0.25)  (58, 0.25)  (59, 0.25) 
row 311: (58, 0.5)  (59, 0.5) 
row 312: (47, 1.) 
row 313: (47, 0.5)  (59, 0.5) 
row 314: (59, 1.) 
