-ts_view = true
-ts_max_time = 1.400000
-ts_max_steps = 10
-snes_max_steps = 10
