  0 KSP Residual norm 0.630862 
  1 KSP Residual norm 0.259977 
  2 KSP Residual norm 0.0829471 
  3 KSP Residual norm 0.0321599 
  4 KSP Residual norm 0.0105084 
  5 KSP Residual norm 0.00497361 
  6 KSP Residual norm 0.00186426 
  7 KSP Residual norm 0.00145188 
