Mat Object: 2 MPI processes
  type: mpiaij
row 0: (0, 1.)  (1, 2.)  (3, 3.)  (4, 5.) 
row 1: (1, 6.)  (2, 7.)  (5, 9.) 
row 2: (0, 10.)  (2, 11.)  (6, 12.) 
row 3: (1, 13.)  (3, 14.)  (7, 15.) 
row 4: (0, 1005.)  (4, 1001.)  (5, 1002.)  (7, 1003.) 
row 5: (1, 1009.)  (5, 1006.)  (6, 1007.) 
row 6: (2, 1012.)  (4, 1010.)  (6, 1011.) 
row 7: (3, 1015.)  (5, 1013.)  (7, 1014.) 
IS Object: 2 MPI processes
  type: stride
[0] Index set is permutation
[0] Number of indices in (stride) set 2
[0] 0 0
[0] 1 1
[1] Number of indices in (stride) set 2
[1] 0 4
[1] 1 5
IS Object: 2 MPI processes
  type: stride
[0] Number of indices in (stride) set 2
[0] 0 2
[0] 1 3
[1] Number of indices in (stride) set 2
[1] 0 6
[1] 1 7

Explicit Schur complement of (0,0) in (1,1)
Mat Object: 2 MPI processes
  type: mpiaij
row 0: (0, 51.3847)  (1, 7.46272)  (2, -27.5121)  (3, -12.4627) 
row 1: (0, 30.0644)  (1, 14.)  (2, -38.6926)  (3, 15.) 
row 2: (0, -738.079)  (1, -756.747)  (2, 3011.59)  (3, 251.747) 
row 3: (0, -2349.69)  (1, 1015.)  (2, 2010.03)  (3, 1014.) 

Explicit Schur complement of (1,1) in (0,0)
Mat Object: 2 MPI processes
  type: mpiaij
row 0: (0, 1.)  (1, 40.4315)  (2, 5.)  (3, -44.3003) 
row 1: (0, 69.1789)  (1, 6.)  (2, -82.9326)  (3, 9.) 
row 2: (0, 1005.)  (1, -12861.6)  (2, 1001.)  (3, 14825.7) 
row 3: (0, -9961.72)  (1, 1009.)  (2, 10936.2)  (3, 1006.) 

Preconditioning Schur complement of (0,0) in (1,1)
Mat Object: 2 MPI processes
  type: mpiaij
row 0: (0, 11.)  (1, -30.)  (2, 12.) 
row 1: (0, -15.1667)  (1, 14.)  (3, 15.) 
row 2: (0, 1012.)  (2, 1011.)  (3, -1012.02) 
row 3: (1, 1015.)  (2, -1014.01)  (3, 1014.) 

After update
Mat Object: 2 MPI processes
  type: mpiaij
row 0: (0, 12.)  (1, -15.)  (2, 12.) 
row 1: (0, -13.)  (1, 15.)  (3, 15.) 
row 2: (0, 1012.)  (2, 1012.)  (3, -1011.01) 
row 3: (1, 1015.)  (2, -1013.)  (3, 1015.) 
