  Number of iterations =   1
  Residual norm 63.738
  Number of iterations =   1
  Residual norm 63.738
