Number of iterations =  20
Residual norm 5.7984e-08
