INERTIA=0
NOT Solving the intermediate KSP
Seting A
INERTIA=0
