 a123                                                                                               
 opt is            1
 set is  T
