Mat Object: 1 MPI processes
  type: seqaij
row 0: (0, 5.) 
row 1: (0, -1.)  (1, 4.)  (2, -1.)  (6, -1.) 
row 2: (2, 5.) 
row 3: (2, -1.)  (3, 4.)  (4, -1.)  (8, -1.) 
row 4: (4, 5.) 
row 5: (0, -1.)  (5, 4.)  (6, -1.)  (10, -1.) 
row 6: (6, 5.) 
row 7: (2, -1.)  (6, -1.)  (7, 4.)  (8, -1.)  (12, -1.) 
row 8: (8, 5.) 
row 9: (4, -1.)  (8, -1.)  (9, 4.)  (14, -1.) 
row 10: (10, 5.) 
row 11: (6, -1.)  (10, -1.)  (11, 4.)  (12, -1.)  (16, -1.) 
row 12: (12, 5.) 
row 13: (8, -1.)  (12, -1.)  (13, 4.)  (14, -1.)  (18, -1.) 
row 14: (14, 5.) 
row 15: (10, -1.)  (15, 4.)  (16, -1.)  (20, -1.) 
row 16: (16, 5.) 
row 17: (12, -1.)  (16, -1.)  (17, 4.)  (18, -1.)  (22, -1.) 
row 18: (18, 5.) 
row 19: (14, -1.)  (18, -1.)  (19, 4.)  (24, -1.) 
row 20: (20, 5.) 
row 21: (16, -1.)  (20, -1.)  (21, 4.)  (22, -1.) 
row 22: (22, 5.) 
row 23: (18, -1.)  (22, -1.)  (23, 4.)  (24, -1.) 
row 24: (19, -1.)  (23, -1.)  (24, 4.) 
