  type: mpibaij
row 0: (0, 1.)  (1, 0.)  (2, 0.) 
row 1: (0, 0.)  (1, 1.)  (2, 0.) 
row 2: (0, 0.)  (1, 0.)  (2, 1.) 
row 3:
row 4:
row 5:
row 6: (0, 37.)  (1, 38.)  (2, 39.)  (3, 40.)  (4, 41.)  (5, 42.)  (9, 43.)  (10, 44.)  (11, 45.) 
row 7: (0, 46.)  (1, 47.)  (2, 48.)  (3, 49.)  (4, 50.)  (5, 51.)  (9, 52.)  (10, 53.)  (11, 54.) 
row 8: (0, 55.)  (1, 56.)  (2, 57.)  (3, 58.)  (4, 59.)  (5, 60.)  (9, 61.)  (10, 62.)  (11, 63.) 
row 9:
row 10:
row 11:
row 12: (12, 1.)  (13, 0.)  (14, 0.) 
row 13: (12, 0.)  (13, 1.)  (14, 0.) 
row 14: (12, 0.)  (13, 0.)  (14, 1.) 
row 15:
row 16:
row 17:
row 18: (12, 37.)  (13, 38.)  (14, 39.)  (15, 40.)  (16, 41.)  (17, 42.)  (21, 43.)  (22, 44.)  (23, 45.) 
row 19: (12, 46.)  (13, 47.)  (14, 48.)  (15, 49.)  (16, 50.)  (17, 51.)  (21, 52.)  (22, 53.)  (23, 54.) 
row 20: (12, 55.)  (13, 56.)  (14, 57.)  (15, 58.)  (16, 59.)  (17, 60.)  (21, 61.)  (22, 62.)  (23, 63.) 
row 21:
row 22:
row 23:
row 24: (24, 1.)  (25, 0.)  (26, 0.) 
row 25: (24, 0.)  (25, 1.)  (26, 0.) 
row 26: (24, 0.)  (25, 0.)  (26, 1.) 
row 27:
row 28:
row 29:
row 30: (24, 37.)  (25, 38.)  (26, 39.)  (27, 40.)  (28, 41.)  (29, 42.)  (33, 43.)  (34, 44.)  (35, 45.) 
row 31: (24, 46.)  (25, 47.)  (26, 48.)  (27, 49.)  (28, 50.)  (29, 51.)  (33, 52.)  (34, 53.)  (35, 54.) 
row 32: (24, 55.)  (25, 56.)  (26, 57.)  (27, 58.)  (28, 59.)  (29, 60.)  (33, 61.)  (34, 62.)  (35, 63.) 
row 33:
row 34:
row 35:
