Mat Object: 3 MPI processes
  type: mpiaij
row 0: (0, 4.)  (1, -1.)  (6, -1.) 
row 1: (0, -1.)  (1, 4.)  (2, -1.)  (7, -1.) 
row 2: (1, -1.)  (2, 4.)  (3, -1.)  (8, -1.) 
row 3: (2, -1.)  (3, 4.)  (4, -1.)  (9, -1.) 
row 4: (3, -1.)  (4, 4.)  (5, -1.)  (10, -1.) 
row 5: (4, -1.)  (5, 4.)  (11, -1.) 
row 6: (0, -1.)  (6, 4.)  (7, -1.)  (12, -1.) 
row 7: (1, -1.)  (6, -1.)  (7, 4.)  (8, -1.)  (13, -1.) 
row 8: (2, -1.)  (7, -1.)  (8, 4.)  (9, -1.)  (14, -1.) 
row 9: (3, -1.)  (8, -1.)  (9, 4.)  (10, -1.)  (15, -1.) 
row 10: (4, -1.)  (9, -1.)  (10, 4.)  (11, -1.)  (16, -1.) 
row 11: (5, -1.)  (10, -1.)  (11, 4.)  (17, -1.) 
row 12: (6, -1.)  (12, 4.)  (13, -1.) 
row 13: (7, -1.)  (12, -1.)  (13, 4.)  (14, -1.) 
row 14: (8, -1.)  (13, -1.)  (14, 4.)  (15, -1.) 
row 15: (9, -1.)  (14, -1.)  (15, 4.)  (16, -1.) 
row 16: (10, -1.)  (15, -1.)  (16, 4.)  (17, -1.) 
row 17: (11, -1.)  (16, -1.)  (17, 4.) 
Vec Object: 3 MPI processes
  type: mpi
Process [0]
0.
-1.
0.
0.
0.
0.
Process [1]
-1.
4.
-1.
0.
0.
0.
Process [2]
0.
-1.
0.
0.
0.
0.
