  type: mpi
Process [0]
-6
-6
-6
-6
-12
-12
-9
-9
-9
-9
-6
-6
-6
-6
-12
-12
-9
-9
-9
-9
-6
-6
-6
-6
-12
-12
-9
-9
-9
-9
-6
-6
-6
-6
-12
-12
-9
-9
-9
-9
Process [1]
-6
-6
-6
-6
-12
-12
-9
-9
-9
-9
-6
-6
-6
-6
-12
-12
-9
-9
-9
-9
-6
-6
-6
-6
-12
-12
-9
-9
-9
-9
-6
-6
-6
-6
-12
-12
-9
-9
-9
-9
