DM Object: 1 MPI processes
  type: plex
DM_0x84000000_0 in 2 dimensions:
  0-cells: 14
  1-cells: 20
  2-cells: 19 (12)
Labels:
  ghost: 0 strata of sizes ()
  vtk: 1 strata of sizes (7)
  Cell Sets: 1 strata of sizes (7)
  Face Sets: 4 strata of sizes (4, 4, 1, 3)
  depth: 3 strata of sizes (14, 20, 19)
  0  time        0  |x| (       0,    7.801)  
  1  time   0.9934  |x| (       0,    3.435)  
  2  time    1.987  |x| (       0,    1.547)  
  3  time     2.98  |x| (       0,    1.875)  
TS Object: 1 MPI processes
  type: ssp
  maximum steps=1000
  maximum time=2
  total number of nonlinear solver iterations=0
  total number of nonlinear solve failures=0
  total number of linear solver iterations=0
  total number of rejected steps=0
CONVERGED_TIME at time 2.98018 after 3 steps